---
source: tests/unit/tui_snapshot_test.rs
expression: output
---
┌ Messages ────────────────────────────────────────────────┐
│Claude:                                                   │
│Hello! How can I help you today?                          │
│                                                          │
│                                                          │
│                                                          │
│                                                          │
│                                                          │
│                                                          │
│                                                          │
│                                                          │
│                                                          │
│                                                          │
│                                                          │
│                                                          │
│                                                          │
└──────────────────────────────────────────────────────────┘
┌ Input (Enter to send, Ctrl+C to quit) ───────────────────┐
│                                                          │
└──────────────────────────────────────────────────────────┘
