---
source: tests/unit/tui_snapshot_test.rs
expression: output
---
┌ Messages ────────────────────────────────────────────────┐
│                                                          │
│                                                          │
│                                                          │
│                                                          │
│                                                          │
│                                                          │
│                                                          │
│                                                          │
│                                                          │
│                                                          │
│                                                          │
│                                                          │
│                                                          │
│                                                          │
└──────────────────────────────────────────────────────────┘
 [INPUT] [F:0↑ 14/0]                                        
┌ Input (Enter to send, Ctrl+C to quit) ───────────────────┐
│Hello                                                     │
└──────────────────────────────────────────────────────────┘
