---
source: tests/unit/tui_snapshot_test.rs
expression: output
---
┌ Messages ────────────────────────────────────────────────┐
│You:                                                      │
│Hello, Claude!                                            │
│                                                          │
│                                                          │
│                                                          │
│                                                          │
│                                                          │
│                                                          │
│                                                          │
│                                                          │
│                                                          │
│                                                          │
│                                                          │
│                                                          │
└──────────────────────────────────────────────────────────┘
 [SEL:none] [CACHE:3] [F:0↑ 14/3]                           
┌ Input (Enter to send, Ctrl+C to quit) ───────────────────┐
│                                                          │
└──────────────────────────────────────────────────────────┘
