---
source: tests/unit/tui_snapshot_test.rs
expression: output
---
┌ Messages ────────────────────────────────────────────────┐
│You:                                                      │
│Tell me about Rust                                        │
│                                                          │
│Patina: ⠋                                                 │
│Rust is a systems programming language that...            │
│                                                          │
│                                                          │
│                                                          │
│                                                          │
│                                                          │
│                                                          │
│                                                          │
│                                                          │
│                                                          │
└──────────────────────────────────────────────────────────┘
 [SEL:none] [CACHE:5] [F:0↑ 14/5]                           
┌ Input (Enter to send, Ctrl+C to quit) ───────────────────┐
│                                                          │
└──────────────────────────────────────────────────────────┘
