---
source: tests/unit/tui_snapshot_test.rs
expression: output
---
┌ Messages ────────────────────────────────────────────────┐
│Patina:                                                   │
│Here's a list:                                            │
│- First item                                              │
│- Second item                                             │
│- Third item                                              │
│                                                          │
│                                                          │
│                                                          │
│                                                          │
│                                                          │
│                                                          │
│                                                          │
│                                                          │
│                                                          │
└──────────────────────────────────────────────────────────┘
 [F:0↑ 14/6]                                                
┌ Input (Enter to send, Ctrl+C to quit) ───────────────────┐
│                                                          │
└──────────────────────────────────────────────────────────┘
